// Jest Snapshot v1, https://goo.gl/fbAQLP

exports[`snapshot 1`] = `
Array [
  <div
    className="MuiBox-root MuiBox-root-1"
  >
    dateRangePicker
  </div>,
  <div
    className="MuiBox-root MuiBox-root-2"
  >
    <div
      className="MuiFormControl-root MuiTextField-root"
      format="yyyy/MM/dd"
      onClick={[Function]}
      onKeyDown={[Function]}
    >
      <div
        className="MuiInputBase-root MuiInput-root MuiInput-underline MuiInputBase-formControl MuiInput-formControl"
        onClick={[Function]}
      >
        <input
          aria-invalid={false}
          autoFocus={false}
          className="MuiInputBase-input MuiInput-input"
          disabled={false}
          onAnimationStart={[Function]}
          onBlur={[Function]}
          onChange={[Function]}
          onFocus={[Function]}
          readOnly={true}
          required={false}
          type="text"
          value="2020/06/13"
        />
      </div>
      
    </div>
    <span
      className="MuiBox-root MuiBox-root-3"
    >
      ã€œ
    </span>
    <div
      className="MuiFormControl-root MuiTextField-root"
      format="yyyy/MM/dd"
      onClick={[Function]}
      onKeyDown={[Function]}
    >
      <div
        className="MuiInputBase-root MuiInput-root MuiInput-underline MuiInputBase-formControl MuiInput-formControl"
        onClick={[Function]}
      >
        <input
          aria-invalid={false}
          autoFocus={false}
          className="MuiInputBase-input MuiInput-input"
          disabled={false}
          onAnimationStart={[Function]}
          onBlur={[Function]}
          onChange={[Function]}
          onFocus={[Function]}
          readOnly={true}
          required={false}
          type="text"
          value="2020/06/20"
        />
      </div>
      
    </div>
  </div>,
]
`;
