// Jest Snapshot v1, https://goo.gl/fbAQLP

exports[`snapshot 1`] = `
<div
  className="MuiFormControl-root"
>
  <div
    className="MuiBox-root MuiBox-root-1"
  >
    select
  </div>
  <div
    className="MuiInputBase-root MuiInput-root MuiInput-underline MuiInputBase-formControl MuiInput-formControl"
    onClick={[Function]}
  >
    <div
      aria-haspopup="listbox"
      className="MuiSelect-root MuiSelect-select MuiSelect-selectMenu MuiInputBase-input MuiInput-input"
      onBlur={[Function]}
      onFocus={[Function]}
      onKeyDown={[Function]}
      onMouseDown={[Function]}
      role="button"
      tabIndex={0}
    >
      <span
        dangerouslySetInnerHTML={
          Object {
            "__html": "&#8203;",
          }
        }
      />
    </div>
    <input
      aria-hidden={true}
      className="MuiSelect-nativeInput"
      onAnimationStart={[Function]}
      onChange={[Function]}
      required={false}
      tabIndex={-1}
      value=""
    />
    <svg
      aria-hidden={true}
      className="MuiSvgIcon-root MuiSelect-icon"
      focusable="false"
      viewBox="0 0 24 24"
    >
      <path
        d="M7 10l5 5 5-5z"
      />
    </svg>
  </div>
</div>
`;
