// Jest Snapshot v1, https://goo.gl/fbAQLP

exports[`snapshot 1`] = `
<div
  className="MuiBox-root MuiBox-root-1"
>
  formLabel
</div>
`;
